Archive member included to satisfy reference by file (symbol)

/tmp/claude-1001/-workspace-ttsky25b-kianv-linux-soc-with-regfile/6032021d-a97e-49d5-af83-a01bc796379c/scratchpad/rv/bin/../lib/gcc/riscv-none-elf/15.2.0/../../../../riscv-none-elf/lib/rv32ia_zaamo_zalrsc/ilp32/libc.a(libc_a-memcpy.o)
                              kernelboot.o (memcpy)

There are no discarded input sections

Memory Configuration

Name             Origin             Length             Attributes
FLASH            0x20100000         0x10000000         xr
BRAM             0x807f8000         0x00008000         xrw
*default*        0x00000000         0xffffffff

Linker script and memory map

TARGET(elf32-littleriscv)
LOAD crt0.o
LOAD kernelboot.o
LOAD /tmp/claude-1001/-workspace-ttsky25b-kianv-linux-soc-with-regfile/6032021d-a97e-49d5-af83-a01bc796379c/scratchpad/rv/bin/../lib/gcc/riscv-none-elf/15.2.0/../../../../riscv-none-elf/lib/rv32ia_zaamo_zalrsc/ilp32/libc.a
LOAD /tmp/claude-1001/-workspace-ttsky25b-kianv-linux-soc-with-regfile/6032021d-a97e-49d5-af83-a01bc796379c/scratchpad/rv/bin/../lib/gcc/riscv-none-elf/15.2.0/../../../../riscv-none-elf/lib/rv32ia_zaamo_zalrsc/ilp32/libm.a
LOAD /tmp/claude-1001/-workspace-ttsky25b-kianv-linux-soc-with-regfile/6032021d-a97e-49d5-af83-a01bc796379c/scratchpad/rv/bin/../lib/gcc/riscv-none-elf/15.2.0/rv32ia_zaamo_zalrsc/ilp32/libgcc.a
LOAD /tmp/claude-1001/-workspace-ttsky25b-kianv-linux-soc-with-regfile/6032021d-a97e-49d5-af83-a01bc796379c/scratchpad/rv/bin/../lib/gcc/riscv-none-elf/15.2.0/rv32ia_zaamo_zalrsc/ilp32/libgcc.a
START GROUP
LOAD /tmp/claude-1001/-workspace-ttsky25b-kianv-linux-soc-with-regfile/6032021d-a97e-49d5-af83-a01bc796379c/scratchpad/rv/bin/../lib/gcc/riscv-none-elf/15.2.0/../../../../riscv-none-elf/lib/rv32ia_zaamo_zalrsc/ilp32/libc.a
LOAD /tmp/claude-1001/-workspace-ttsky25b-kianv-linux-soc-with-regfile/6032021d-a97e-49d5-af83-a01bc796379c/scratchpad/rv/bin/../lib/gcc/riscv-none-elf/15.2.0/../../../../riscv-none-elf/lib/rv32ia_zaamo_zalrsc/ilp32/libgloss.a
END GROUP
LOAD /tmp/claude-1001/-workspace-ttsky25b-kianv-linux-soc-with-regfile/6032021d-a97e-49d5-af83-a01bc796379c/scratchpad/rv/bin/../lib/gcc/riscv-none-elf/15.2.0/rv32ia_zaamo_zalrsc/ilp32/libgcc.a
                0x80800000                        __stacktop = (ORIGIN (BRAM) + LENGTH (BRAM))

.misc           0x20100000       0x8c
                0x20100000                        . = ALIGN (0x4)
 crt0.o(.text)
 .text          0x20100000       0x8c crt0.o
                0x20100000                _start
                0x2010008c                        . = ALIGN (0x4)
 *(.eh_frame)
 *(.eh_frame_hdr)
 *(.init_array)
 *(.gcc_except_table*)

.text           0x2010008c      0x930
                0x2010008c                        . = ALIGN (0x4)
 *(.text)
 .text          0x2010008c      0x580 kernelboot.o
                0x2010008c                uart_putc
                0x201000b0                uart_getc
                0x201000d4                uart_puthex_byte
                0x20100138                uart_puthex
                0x20100188                setup_timer_interrupt
                0x20100198                timer_interrupt_handler
                0x201001f4                SPI_transfer
                0x20100224                test_ram_high
                0x20100268                test_amo
 .text          0x2010060c        0x0 /tmp/claude-1001/-workspace-ttsky25b-kianv-linux-soc-with-regfile/6032021d-a97e-49d5-af83-a01bc796379c/scratchpad/rv/bin/../lib/gcc/riscv-none-elf/15.2.0/../../../../riscv-none-elf/lib/rv32ia_zaamo_zalrsc/ilp32/libc.a(libc_a-memcpy.o)
 *(.text*)
 .text.startup  0x2010060c      0x258 kernelboot.o
                0x2010060c                main
 .text.memcpy   0x20100864      0x128 /tmp/claude-1001/-workspace-ttsky25b-kianv-linux-soc-with-regfile/6032021d-a97e-49d5-af83-a01bc796379c/scratchpad/rv/bin/../lib/gcc/riscv-none-elf/15.2.0/../../../../riscv-none-elf/lib/rv32ia_zaamo_zalrsc/ilp32/libc.a(libc_a-memcpy.o)
                0x20100864                memcpy
                0x2010098c                        . = ALIGN (0x4)
 *(.rodata)
 *(.rodata*)
 .rodata.str1.4
                0x2010098c       0x30 kernelboot.o
                0x201009bc                        . = ALIGN (0x4)
                0x201009bc                        _etext = .
                0x201009bc                        _sidata = _etext

.rela.dyn       0x201009bc        0x0
 .rela.text     0x201009bc        0x0 crt0.o

.data           0x807f8000       0x24 load address 0x201009bc
                0x807f8000                        . = ALIGN (0x4)
                0x807f8000                        _sdata = .
                0x807f8000                        _ram_start = .
 *(.text)
 *(.text*)
                0x807f8000                        . = ALIGN (0x4)
 *(.data)
 .data          0x807f8000        0x0 crt0.o
 .data          0x807f8000        0x0 kernelboot.o
 .data          0x807f8000        0x0 /tmp/claude-1001/-workspace-ttsky25b-kianv-linux-soc-with-regfile/6032021d-a97e-49d5-af83-a01bc796379c/scratchpad/rv/bin/../lib/gcc/riscv-none-elf/15.2.0/../../../../riscv-none-elf/lib/rv32ia_zaamo_zalrsc/ilp32/libc.a(libc_a-memcpy.o)
 *(.data*)
 *(.sdata)
 .sdata         0x807f8000       0x24 kernelboot.o
                0x807f8000                spi
                0x807f8008                ram_high
                0x807f800c                gpio_ui_in
                0x807f8010                gpio_uo_out
                0x807f8014                gpio_uo_en
                0x807f8018                uart_lsr
                0x807f801c                uart_rx
                0x807f8020                uart_tx
 *(.sdata*)
                0x807f8024                        . = ALIGN (0x4)
                0x807f8024                        _edata = .

.bss            0x807f8024        0x8 load address 0x201009e0
                0x807f8024                        . = ALIGN (0x4)
                0x807f8024                        _sbss = .
 *(.bss)
 .bss           0x807f8024        0x0 crt0.o
 .bss           0x807f8024        0x0 kernelboot.o
 .bss           0x807f8024        0x0 /tmp/claude-1001/-workspace-ttsky25b-kianv-linux-soc-with-regfile/6032021d-a97e-49d5-af83-a01bc796379c/scratchpad/rv/bin/../lib/gcc/riscv-none-elf/15.2.0/../../../../riscv-none-elf/lib/rv32ia_zaamo_zalrsc/ilp32/libc.a(libc_a-memcpy.o)
 *(.bss*)
 *(.sbss)
 .sbss          0x807f8024        0x8 kernelboot.o
                0x807f8028                interrupt_occurred
 *(.sbss*)
 *(COMMON)
                0x807f802c                        . = ALIGN (0x4)
                0x807f802c                        _ebss = .

.heap           0x807f802c        0x0
                0x807f802c                        . = ALIGN (0x4)
                0x807f802c                        _heap_start = .
                0x807f802c                        _end = .
OUTPUT(firmware.elf elf32-littleriscv)

.riscv.attributes
                0x00000000       0x5b
 .riscv.attributes
                0x00000000       0x59 crt0.o
 .riscv.attributes
                0x00000059       0x5b kernelboot.o
 .riscv.attributes
                0x000000b4       0x34 /tmp/claude-1001/-workspace-ttsky25b-kianv-linux-soc-with-regfile/6032021d-a97e-49d5-af83-a01bc796379c/scratchpad/rv/bin/../lib/gcc/riscv-none-elf/15.2.0/../../../../riscv-none-elf/lib/rv32ia_zaamo_zalrsc/ilp32/libc.a(libc_a-memcpy.o)

.comment        0x00000000       0x33
 .comment       0x00000000       0x33 kernelboot.o
                                 0x34 (size before relaxing)
 .comment       0x00000033        0x0 /tmp/claude-1001/-workspace-ttsky25b-kianv-linux-soc-with-regfile/6032021d-a97e-49d5-af83-a01bc796379c/scratchpad/rv/bin/../lib/gcc/riscv-none-elf/15.2.0/../../../../riscv-none-elf/lib/rv32ia_zaamo_zalrsc/ilp32/libc.a(libc_a-memcpy.o)
                                 0x34 (size before relaxing)

.note.GNU-stack
                0x00000000        0x0
 .note.GNU-stack
                0x00000000        0x0 kernelboot.o
 .note.GNU-stack
                0x00000000        0x0 /tmp/claude-1001/-workspace-ttsky25b-kianv-linux-soc-with-regfile/6032021d-a97e-49d5-af83-a01bc796379c/scratchpad/rv/bin/../lib/gcc/riscv-none-elf/15.2.0/../../../../riscv-none-elf/lib/rv32ia_zaamo_zalrsc/ilp32/libc.a(libc_a-memcpy.o)
